Change Component Designator: OldDesignator=J? NewDesignator=J1
Change Component Designator: OldDesignator=M? NewDesignator=M1
Change Component Designator: OldDesignator=U? NewDesignator=U1
Change Component Designator: OldDesignator=U? NewDesignator=U2
Change Component Designator: OldDesignator=U? NewDesignator=U3
Add component: Footprint Not Found CAPRR1500W80L1750T780H1100
Add component: Footprint Not Found CAPRR1500W80L1750T780H1100
Add Pin To Net: Unknown Pin: Pin 1-1
Change Net Name : Old Net Name=Net?_1 New Net Name=Net1_1
Change Net Name : Old Net Name=NetJ?_GND New Net Name=NetJ1_GND
Change Net Name : Old Net Name=NetJ?_SCL New Net Name=NetJ1_SCL
Change Net Name : Old Net Name=NetJ?_SDA New Net Name=NetJ1_SDA
Change Net Name : Old Net Name=NetM?_2 New Net Name=NetM1_2
Change Net Name : Old Net Name=NetU?_1 New Net Name=NetU1_7
Added Pin To Net: NetName=Net1_2 Pin=U1-5
Added Pin To Net: NetName=Net1_2 Pin=U3-17
Added Net: Name=Net1_2
Added Pin To Net: NetName=Net2_1 Pin=U1-6
Added Net: Name=Net2_1
Add Class Member: Failed to add class member : Component 1 0.1UF
Add Class Member: Failed to add class member : Component 2 1UF
Added Member To Class: ClassName=Sheet1 Member=Component U2 TP4056
Added Member To Class: ClassName=Sheet1 Member=Component U3 ZC563900
