Added Component: Designator=J1(ZC362800#)
Add component (AddParameter): Name = "Check_prices"; Value = "https://www.snapeda.com/parts/ZC362800%23/YKS/view-part/?ref=eda"; VariantName = "[No Variations]"
Add component (AddParameter): Name = "MF"; Value = "YKS"; VariantName = "[No Variations]"
Add component (AddParameter): Name = "MP"; Value = "ZC362800#"; VariantName = "[No Variations]"
Add component (AddParameter): Name = "Package"; Value = "None"; VariantName = "[No Variations]"
Add component (AddParameter): Name = "SnapEDA_Link"; Value = "https://www.snapeda.com/parts/ZC362800%23/YKS/view-part/?ref=snap"; VariantName = "[No Variations]"
Add component (AddParameter): Name = "Value"; Value = ""; VariantName = "[No Variations]"
Added Component: Designator=M1(SEN0142)
Add component (AddParameter): Name = "Check_prices"; Value = "https://www.snapeda.com/parts/SEN0142/DFRobot/view-part/?ref=eda"; VariantName = "[No Variations]"
Add component (AddParameter): Name = "MF"; Value = "DFRobot"; VariantName = "[No Variations]"
Add component (AddParameter): Name = "MP"; Value = "SEN0142"; VariantName = "[No Variations]"
Add component (AddParameter): Name = "Package"; Value = "None"; VariantName = "[No Variations]"
Add component (AddParameter): Name = "SnapEDA_Link"; Value = "https://www.snapeda.com/parts/SEN0142/DFRobot/view-part/?ref=snap"; VariantName = "[No Variations]"
Add component (AddParameter): Name = "Value"; Value = ""; VariantName = "[No Variations]"
Added Component: Designator=U1(SOIC127P600X175-8N)
Add component (AddParameter): Name = "Check_prices"; Value = "https://www.snapeda.com/parts/ACS712-20/Allegro/view-part/?ref=eda"; VariantName = "[No Variations]"
Add component (AddParameter): Name = "MF"; Value = "Allegro MicroSystems"; VariantName = "[No Variations]"
Add component (AddParameter): Name = "MP"; Value = "ACS712-20"; VariantName = "[No Variations]"
Add component (AddParameter): Name = "Package"; Value = "SOIC-8 Allegro MicroSystems LLC"; VariantName = "[No Variations]"
Add component (AddParameter): Name = "SnapEDA_Link"; Value = "https://www.snapeda.com/parts/ACS712-20/Allegro/view-part/?ref=snap"; VariantName = "[No Variations]"
Add component (AddParameter): Name = "Value"; Value = ""; VariantName = "[No Variations]"
Added Component: Designator=U2(SOP127P600X175-9N)
Add component (AddParameter): Name = "Check_prices"; Value = "https://www.snapeda.com/parts/TP4056/Others/view-part/?ref=eda"; VariantName = "[No Variations]"
Add component (AddParameter): Name = "MF"; Value = "others"; VariantName = "[No Variations]"
Add component (AddParameter): Name = "MP"; Value = "TP4056"; VariantName = "[No Variations]"
Add component (AddParameter): Name = "Package"; Value = "None"; VariantName = "[No Variations]"
Add component (AddParameter): Name = "SnapEDA_Link"; Value = "https://www.snapeda.com/parts/TP4056/Others/view-part/?ref=snap"; VariantName = "[No Variations]"
Add component (AddParameter): Name = "Value"; Value = ""; VariantName = "[No Variations]"
Added Component: Designator=U3(MODULE_ZC563900)
Add component (AddParameter): Name = "Check_prices"; Value = "https://www.snapeda.com/parts/ZC563900/YKS/view-part/?ref=eda"; VariantName = "[No Variations]"
Add component (AddParameter): Name = "MF"; Value = "YKS"; VariantName = "[No Variations]"
Add component (AddParameter): Name = "MP"; Value = "ZC563900"; VariantName = "[No Variations]"
Add component (AddParameter): Name = "Package"; Value = "None"; VariantName = "[No Variations]"
Add component (AddParameter): Name = "SnapEDA_Link"; Value = "https://www.snapeda.com/parts/ZC563900/YKS/view-part/?ref=snap"; VariantName = "[No Variations]"
Add component (AddParameter): Name = "Value"; Value = ""; VariantName = "[No Variations]"
Added Pin To Net: NetName=GND Pin=U3-24
Added Net: Name=GND
Added Pin To Net: NetName=NetJ1_GND Pin=J1-GND
Added Pin To Net: NetName=NetJ1_GND Pin=U3-14
Added Net: Name=NetJ1_GND
Added Pin To Net: NetName=NetJ1_SCL Pin=J1-SCL
Added Pin To Net: NetName=NetJ1_SCL Pin=M1-4
Added Pin To Net: NetName=NetJ1_SCL Pin=U3-29
Added Net: Name=NetJ1_SCL
Added Pin To Net: NetName=NetJ1_SDA Pin=J1-SDA
Added Pin To Net: NetName=NetJ1_SDA Pin=M1-3
Added Pin To Net: NetName=NetJ1_SDA Pin=U3-30
Added Net: Name=NetJ1_SDA
Added Pin To Net: NetName=NetJ1_VCC Pin=J1-VCC
Added Pin To Net: NetName=NetJ1_VCC Pin=M1-1
Added Pin To Net: NetName=NetJ1_VCC Pin=U1-8
Added Pin To Net: NetName=NetJ1_VCC Pin=U2-4
Added Pin To Net: NetName=NetJ1_VCC Pin=U3-25
Added Net: Name=NetJ1_VCC
Added Pin To Net: NetName=NetM1_2 Pin=M1-2
Added Pin To Net: NetName=NetM1_2 Pin=U2-3
Added Pin To Net: NetName=NetM1_2 Pin=U3-10
Added Net: Name=NetM1_2
Added Pin To Net: NetName=NetU1_5 Pin=U1-5
Added Pin To Net: NetName=NetU1_5 Pin=U3-17
Added Net: Name=NetU1_5
Added Pin To Net: NetName=NetU1_7 Pin=U1-7
Added Pin To Net: NetName=NetU1_7 Pin=U3-1
Added Net: Name=NetU1_7
Added Pin To Net: NetName=VCC Pin=U3-15
Added Net: Name=VCC
Added Class: Name=Sheet1
Added Rule: Name=Schematic Supply Nets
Added Rule: Name=Schematic Supply Nets_1
