Removed Pin From Net: NetName=NetC1_1 Pin=C4-1
Change Footprint: Footprint Not Found CAPRR2250W100L2700T1050H1900
Change Footprint: Footprint Not Found CAPRR2250W100L2700T1050H1900
Change Footprint: Footprint Not Found CAPRR2250W100L2700T1050H1900
Change Component Comment : Designator=C4 Old Comment=0.1uF New Comment=1nF
Change component parameters: Designator = "C1" ("C1"); Footprint = "CAPPRD500W60D1330H2700"; UniqueID = "\LURMOTEZ" ("\LURMOTEZ")
Change component parameters (AddParameter): Name = "Availability"; Value = "In Stock"; VariantName = "[No Variations]"
Change component parameters (AddParameter): Name = "Check_prices"; Value = "https://www.snapeda.com/parts/ECWFG2J105Q1/Panasonic/view-part/?ref=eda"; VariantName = "[No Variations]"
Change component parameters (AddParameter): Name = "MF"; Value = "Panasonic"; VariantName = "[No Variations]"
Change component parameters (AddParameter): Name = "MP"; Value = "ECWFG2J105Q1"; VariantName = "[No Variations]"
Change component parameters (AddParameter): Name = "Package"; Value = "MOLDED-2 Panasonic"; VariantName = "[No Variations]"
Change component parameters (AddParameter): Name = "Price"; Value = "None"; VariantName = "[No Variations]"
Change component parameters (AddParameter): Name = "Purchase-URL"; Value = "https://pricing.snapeda.com/search/part/ECWFG2J105Q1/?ref=eda"; VariantName = "[No Variations]"
Change component parameters (AddParameter): Name = "SnapEDA_Link"; Value = "https://www.snapeda.com/parts/ECWFG2J105Q1/Panasonic/view-part/?ref=snap"; VariantName = "[No Variations]"
Change component parameters (AddParameter): Name = "Value"; Value = ""; VariantName = "[No Variations]"
Change component parameters: Designator = "C2" ("C2"); Footprint = "CAPPRD500W60D1330H2700"; UniqueID = "\BFOWTXGO" ("\BFOWTXGO")
Change component parameters (AddParameter): Name = "Availability"; Value = "In Stock"; VariantName = "[No Variations]"
Change component parameters (AddParameter): Name = "Check_prices"; Value = "https://www.snapeda.com/parts/ECWFG2J105Q1/Panasonic/view-part/?ref=eda"; VariantName = "[No Variations]"
Change component parameters (AddParameter): Name = "MF"; Value = "Panasonic"; VariantName = "[No Variations]"
Change component parameters (AddParameter): Name = "MP"; Value = "ECWFG2J105Q1"; VariantName = "[No Variations]"
Change component parameters (AddParameter): Name = "Package"; Value = "MOLDED-2 Panasonic"; VariantName = "[No Variations]"
Change component parameters (AddParameter): Name = "Price"; Value = "None"; VariantName = "[No Variations]"
Change component parameters (AddParameter): Name = "Purchase-URL"; Value = "https://pricing.snapeda.com/search/part/ECWFG2J105Q1/?ref=eda"; VariantName = "[No Variations]"
Change component parameters (AddParameter): Name = "SnapEDA_Link"; Value = "https://www.snapeda.com/parts/ECWFG2J105Q1/Panasonic/view-part/?ref=snap"; VariantName = "[No Variations]"
Change component parameters (AddParameter): Name = "Value"; Value = ""; VariantName = "[No Variations]"
Change component parameters: Designator = "C4" ("C4"); Footprint = "CAPPRD500W60D1330H2700"; UniqueID = "\SQCZXDOO" ("\SQCZXDOO")
Change component parameters (AddParameter): Name = "Availability"; Value = "In Stock"; VariantName = "[No Variations]"
Change component parameters (AddParameter): Name = "Check_prices"; Value = "https://www.snapeda.com/parts/ECWFG2J105Q1/Panasonic/view-part/?ref=eda"; VariantName = "[No Variations]"
Change component parameters (AddParameter): Name = "MF"; Value = "Panasonic"; VariantName = "[No Variations]"
Change component parameters (AddParameter): Name = "MP"; Value = "ECWFG2J105Q1"; VariantName = "[No Variations]"
Change component parameters (AddParameter): Name = "Package"; Value = "MOLDED-2 Panasonic"; VariantName = "[No Variations]"
Change component parameters (AddParameter): Name = "Price"; Value = "None"; VariantName = "[No Variations]"
Change component parameters (AddParameter): Name = "Purchase-URL"; Value = "https://pricing.snapeda.com/search/part/ECWFG2J105Q1/?ref=eda"; VariantName = "[No Variations]"
Change component parameters (AddParameter): Name = "SnapEDA_Link"; Value = "https://www.snapeda.com/parts/ECWFG2J105Q1/Panasonic/view-part/?ref=snap"; VariantName = "[No Variations]"
Change component parameters (AddParameter): Name = "Value"; Value = ""; VariantName = "[No Variations]"
Add Component: Footprint Not Found CAPRR2250W100L2700T1050H1900
Add Pin To Net: Unknown Pin: Pin C3-2
Added Pin To Net: NetName=NetC1_1 Pin=C4-2
Added Pin To Net: NetName=NetC3_1 Pin=M1-2
Added Pin To Net: NetName=NetC3_1 Pin=U2-3
Added Net: Name=NetC3_1
Added Pin To Net: NetName=NetC4_1 Pin=C4-1
Added Pin To Net: NetName=NetC4_1 Pin=J1-GND
Added Pin To Net: NetName=NetC4_1 Pin=U3-14
Added Net: Name=NetC4_1
Add Class Member: Failed to add class member : Component C3 1nF
