Change Component Footprint: Designator=C1 Old Footprint=CAPRR2750W100L3150T950H1800 New Footprint=CAPPRD500W60D1330H2700
Change Component Footprint: Designator=C2 Old Footprint=CAPRR2750W100L3150T950H1800 New Footprint=CAPPRD500W60D1330H2700
Change Component Comment : Designator=C1 Old Comment=ECWFG70105K New Comment=478CKS010M
Change Component Comment : Designator=C2 Old Comment=ECWFG70105K New Comment=478CKS010M
Change component parameters: Designator = "C1" ("C1"); Footprint = "CAPRR2750W100L3150T950H1800"; UniqueID = "\YUPYFPRG" ("\YUPYFPRG")
Change component parameters (AddParameter): Name = "Check_prices"; Value = "https://www.snapeda.com/parts/478CKS010M/Illinois+Capacitor/view-part/?ref=eda"; VariantName = "[No Variations]"
Change component parameters (AddParameter): Name = "MF"; Value = "Illinois Capacitor"; VariantName = "[No Variations]"
Change component parameters (AddParameter): Name = "MP"; Value = "478CKS010M"; VariantName = "[No Variations]"
Change component parameters (AddParameter): Name = "Package"; Value = "Radial Illinois Capacitor"; VariantName = "[No Variations]"
Change component parameters (AddParameter): Name = "SnapEDA_Link"; Value = "https://www.snapeda.com/parts/478CKS010M/Illinois+Capacitor/view-part/?ref=snap"; VariantName = "[No Variations]"
Change component parameters (AddParameter): Name = "Value"; Value = ""; VariantName = "[No Variations]"
Change component parameters: Designator = "C2" ("C2"); Footprint = "CAPRR2750W100L3150T950H1800"; UniqueID = "\LSVNMNLQ" ("\LSVNMNLQ")
Change component parameters (AddParameter): Name = "Check_prices"; Value = "https://www.snapeda.com/parts/478CKS010M/Illinois+Capacitor/view-part/?ref=eda"; VariantName = "[No Variations]"
Change component parameters (AddParameter): Name = "MF"; Value = "Illinois Capacitor"; VariantName = "[No Variations]"
Change component parameters (AddParameter): Name = "MP"; Value = "478CKS010M"; VariantName = "[No Variations]"
Change component parameters (AddParameter): Name = "Package"; Value = "Radial Illinois Capacitor"; VariantName = "[No Variations]"
Change component parameters (AddParameter): Name = "SnapEDA_Link"; Value = "https://www.snapeda.com/parts/478CKS010M/Illinois+Capacitor/view-part/?ref=snap"; VariantName = "[No Variations]"
Change component parameters (AddParameter): Name = "Value"; Value = ""; VariantName = "[No Variations]"
Added Component: Designator=U2(SOP127P600X175-9N)
Add component (AddParameter): Name = "Check_prices"; Value = "https://www.snapeda.com/parts/TP4056/Others/view-part/?ref=eda"; VariantName = "[No Variations]"
Add component (AddParameter): Name = "MF"; Value = "others"; VariantName = "[No Variations]"
Add component (AddParameter): Name = "MP"; Value = "TP4056"; VariantName = "[No Variations]"
Add component (AddParameter): Name = "Package"; Value = "None"; VariantName = "[No Variations]"
Add component (AddParameter): Name = "SnapEDA_Link"; Value = "https://www.snapeda.com/parts/TP4056/Others/view-part/?ref=snap"; VariantName = "[No Variations]"
Add component (AddParameter): Name = "Value"; Value = ""; VariantName = "[No Variations]"
Added Pin To Net: NetName=NetM1_2 Pin=U2-3
Added Pin To Net: NetName=NetC1_1 Pin=U2-4
Added Member To Class: ClassName=Sheet1 Member=Component U2 TP4056
